
> portfolio@0.0.0 build
> vite build

[36mvite v7.3.1 [32mbuilding client environment for production...[36m[39m
transforming...
[32mΓ£ô[39m 1735 modules transformed.
rendering chunks...
computing gzip size...
[2mdist/[22m[32mindex.html                 [39m[1m[2m  0.46 kB[22m[1m[22m[2m Γöé gzip:  0.29 kB[22m
[2mdist/[22m[35massets/index-CMDwIpuZ.css  [39m[1m[2m  4.75 kB[22m[1m[22m[2m Γöé gzip:  1.56 kB[22m
[2mdist/[22m[36massets/index-fFzr0B_G.js   [39m[1m[2m226.90 kB[22m[1m[22m[2m Γöé gzip: 69.64 kB[22m
[32mΓ£ô built in 3.70s[39m
